A51 MACRO ASSEMBLER  WAVE3                                                                09/12/2020 11:49:09 PAGE     1


MACRO ASSEMBLER A51 V8.2.7.0
OBJECT MODULE PLACED IN .\Objects\WAVE3.obj
ASSEMBLER INVOKED BY: C:\Keil_v5\C51\BIN\A51.EXE WAVE3.asm SET(SMALL) DEBUG PRINT(.\Listings\WAVE3.lst) OBJECT(.\Objects
                      \WAVE3.obj) EP

LOC  OBJ            LINE     SOURCE

0000                   1     ORG 0000H
0000 758901            2     MOV TMOD,#01H
0003 758AFE            3     HERE:MOV TL0,#0FEH
0006 758C6F            4     MOV TH0,#6FH
0009 B2A2              5     CPL P2.2
000B D28C              6     SETB TR0 ;START TIMER 1
000D 308DFD            7     BACK:JNB TF0,BACK
0010 C28C              8     CLR TR0
0012 C28D              9     CLR TF0
0014 80ED             10     SJMP HERE
                      11     END
A51 MACRO ASSEMBLER  WAVE3                                                                09/12/2020 11:49:09 PAGE     2

SYMBOL TABLE LISTING
------ ----- -------


N A M E             T Y P E  V A L U E   ATTRIBUTES

BACK . . . . . . .  C ADDR   000DH   A   
HERE . . . . . . .  C ADDR   0003H   A   
P2 . . . . . . . .  D ADDR   00A0H   A   
TF0. . . . . . . .  B ADDR   0088H.5 A   
TH0. . . . . . . .  D ADDR   008CH   A   
TL0. . . . . . . .  D ADDR   008AH   A   
TMOD . . . . . . .  D ADDR   0089H   A   
TR0. . . . . . . .  B ADDR   0088H.4 A   


REGISTER BANK(S) USED: 0 


ASSEMBLY COMPLETE.  0 WARNING(S), 0 ERROR(S)
