A51 MACRO ASSEMBLER  16BITSUBDIRECT                                                       08/01/2020 20:12:30 PAGE     1


MACRO ASSEMBLER A51 V8.2.7.0
OBJECT MODULE PLACED IN .\Objects\16BITSUBDIRECT.obj
ASSEMBLER INVOKED BY: C:\Keil_v5\C51\BIN\A51.EXE 16BITSUBDIRECT.asm SET(SMALL) DEBUG PRINT(.\Listings\16BITSUBDIRECT.lst
                      ) OBJECT(.\Objects\16BITSUBDIRECT.obj) EP

LOC  OBJ            LINE     SOURCE

0000                   1     ORG 0000H
0000 C3                2     CLR C
0001 E560              3     MOV A,60H
0003 A861              4     MOV R0,61H
0005 98                5     SUBB A,R0
0006 F9                6     MOV R1,A ;LOWER BYTE SUBTRACTION
                       7     
0007 E562              8     MOV A,62H
0009 A863              9     MOV R0,63H
000B 98               10     SUBB A,R0
000C FA               11     MOV R2,A ;HIGHER BYTE ADDITION
                      12     END
A51 MACRO ASSEMBLER  16BITSUBDIRECT                                                       08/01/2020 20:12:30 PAGE     2

SYMBOL TABLE LISTING
------ ----- -------


N A M E             T Y P E  V A L U E   ATTRIBUTES



REGISTER BANK(S) USED: 0 


ASSEMBLY COMPLETE.  0 WARNING(S), 0 ERROR(S)
